<html>
<body>
<pre>
<h1>µVision Build Log</h1>
<h2>Tool Versions:</h2>
IDE-Version: £gVision V5.28.0.0
Copyright (C) 2019 ARM Ltd and ARM Germany GmbH. All rights reserved.
License Information: admin admin admin Flex license: MDK Professional 5.28 (Flex) (mdk_pro) Support: May 2024
 
Tool Versions:
Toolchain:       MDK Professional 5.28 (Flex)  Version: 5.28.0.0
Toolchain Path:  C:\Keil_v5\ARM\ARMCC\Bin
C Compiler:      Armcc.exe V5.06 update 6 (build 750)
Assembler:       Armasm.exe V5.06 update 6 (build 750)
Linker/Locator:  ArmLink.exe V5.06 update 6 (build 750)
Library Manager: ArmAr.exe V5.06 update 6 (build 750)
Hex Converter:   FromElf.exe V5.06 update 6 (build 750)
CPU DLL:         SARMCM3.DLL V5.28.0.0
Dialog DLL:      DARMCM1.DLL V1.19.2.0
Target DLL:      NULink\Nu_Link.dll V3.15
Dialog DLL:      TARMCM1.DLL V1.14.1.0
 
<h2>Project:</h2>
D:\SourceCode\_Avery_NUC029\NUC029xEE_SPI_Mode_Swtich\SampleCode\Template\Keil\Template.uvproj
Project File Date:  05/30/2024

<h2>Output:</h2>
*** Using Compiler 'V5.06 update 6 (build 750)', folder: 'C:\Keil_v5\ARM\ARMCC\Bin'
Rebuild target 'Template'
creating preprocessor file for system_NUC029xEE.c...
assembling startup_NUC029xEE.s...
compiling misc_config.c...
creating preprocessor file for misc_config.c...
creating preprocessor file for main.c...
creating preprocessor file for retarget.c...
creating preprocessor file for DataFlashProg.c...
creating preprocessor file for uart.c...
compiling system_NUC029xEE.c...
compiling main.c...
compiling retarget.c...
compiling DataFlashProg.c...
creating preprocessor file for sys.c...
creating preprocessor file for clk.c...
compiling sys.c...
creating preprocessor file for timer.c...
creating preprocessor file for gpio.c...
compiling clk.c...
compiling uart.c...
creating preprocessor file for fmc.c...
compiling gpio.c...
compiling timer.c...
creating preprocessor file for spi.c...
compiling fmc.c...
compiling spi.c...
linking...
Program Size: Code=7868 RO-data=428 RW-data=76 ZI-data=1540  
FromELF: creating hex file...
After Build - User command #1: fromelf --bin ".\obj\template.axf" --output ".\obj\template.bin"
After Build - User command #2: fromelf --text -c ".\obj\template.axf" --output ".\obj\template.txt"
".\obj\template.axf" - 0 Error(s), 0 Warning(s).
Build Time Elapsed:  00:00:03
</pre>
</body>
</html>
