Component: ARM Compiler 5.06 update 6 (build 750) Tool: armlink [4d35ed]

==============================================================================

Small function inlining results

Inlined total of 0 calls.

==============================================================================

Image Symbol Table

    Local Symbols

    Symbol Name                              Value     Ov Type        Size  Object(Section)

    RESET                                    0x00000000   Section      192  startup_nuc029xee.o(RESET)
    ../clib/microlib/division.c              0x00000000   Number         0  uldiv.o ABSOLUTE
    ../clib/microlib/division.c              0x00000000   Number         0  uidiv.o ABSOLUTE
    ../clib/microlib/init/entry.s            0x00000000   Number         0  entry7a.o ABSOLUTE
    ../clib/microlib/init/entry.s            0x00000000   Number         0  entry11b.o ABSOLUTE
    ../clib/microlib/init/entry.s            0x00000000   Number         0  entry.o ABSOLUTE
    ../clib/microlib/init/entry.s            0x00000000   Number         0  entry11a.o ABSOLUTE
    ../clib/microlib/init/entry.s            0x00000000   Number         0  entry10a.o ABSOLUTE
    ../clib/microlib/init/entry.s            0x00000000   Number         0  entry9b.o ABSOLUTE
    ../clib/microlib/init/entry.s            0x00000000   Number         0  entry9a.o ABSOLUTE
    ../clib/microlib/init/entry.s            0x00000000   Number         0  entry10b.o ABSOLUTE
    ../clib/microlib/init/entry.s            0x00000000   Number         0  entry8b.o ABSOLUTE
    ../clib/microlib/init/entry.s            0x00000000   Number         0  entry8a.o ABSOLUTE
    ../clib/microlib/init/entry.s            0x00000000   Number         0  entry2.o ABSOLUTE
    ../clib/microlib/init/entry.s            0x00000000   Number         0  entry7b.o ABSOLUTE
    ../clib/microlib/init/entry.s            0x00000000   Number         0  entry5.o ABSOLUTE
    ../clib/microlib/longlong.c              0x00000000   Number         0  llushr.o ABSOLUTE
    ../clib/microlib/longlong.c              0x00000000   Number         0  llshl.o ABSOLUTE
    ../clib/microlib/longlong.c              0x00000000   Number         0  llsshr.o ABSOLUTE
    ../clib/microlib/printf/printf.c         0x00000000   Number         0  printf1.o ABSOLUTE
    ../clib/microlib/printf/printf.c         0x00000000   Number         0  printf2.o ABSOLUTE
    ../clib/microlib/printf/printf.c         0x00000000   Number         0  printf3.o ABSOLUTE
    ../clib/microlib/printf/printf.c         0x00000000   Number         0  printf4.o ABSOLUTE
    ../clib/microlib/printf/printf.c         0x00000000   Number         0  printf5.o ABSOLUTE
    ../clib/microlib/printf/printf.c         0x00000000   Number         0  printf6.o ABSOLUTE
    ../clib/microlib/printf/printf.c         0x00000000   Number         0  printf7.o ABSOLUTE
    ../clib/microlib/printf/printf.c         0x00000000   Number         0  printf8.o ABSOLUTE
    ../clib/microlib/printf/printf.c         0x00000000   Number         0  printfa.o ABSOLUTE
    ../clib/microlib/printf/printf.c         0x00000000   Number         0  printf0.o ABSOLUTE
    ../clib/microlib/printf/printf.c         0x00000000   Number         0  printfb.o ABSOLUTE
    ../clib/microlib/printf/stubs.s          0x00000000   Number         0  stubs.o ABSOLUTE
    ../clib/microlib/string/memcpy.c         0x00000000   Number         0  memcpyb.o ABSOLUTE
    ../clib/microlib/string/memcpy.c         0x00000000   Number         0  memcpya.o ABSOLUTE
    ../clib/microlib/stubs.s                 0x00000000   Number         0  iusefp.o ABSOLUTE
    ../fplib/microlib/fpadd.c                0x00000000   Number         0  dadd.o ABSOLUTE
    ../fplib/microlib/fpdiv.c                0x00000000   Number         0  ddiv.o ABSOLUTE
    ../fplib/microlib/fpepilogue.c           0x00000000   Number         0  depilogue.o ABSOLUTE
    ../fplib/microlib/fpfix.c                0x00000000   Number         0  dfixul.o ABSOLUTE
    ../fplib/microlib/fpmul.c                0x00000000   Number         0  dmul.o ABSOLUTE
    ..\..\..\Library\Device\Nuvoton\NUC029xEE\Source\ARM\startup_NUC029xEE.s 0x00000000   Number         0  startup_nuc029xee.o ABSOLUTE
    ..\..\..\Library\Device\Nuvoton\NUC029xEE\Source\system_NUC029xEE.c 0x00000000   Number         0  system_nuc029xee.o ABSOLUTE
    ..\..\..\Library\StdDriver\src\clk.c     0x00000000   Number         0  clk.o ABSOLUTE
    ..\..\..\Library\StdDriver\src\fmc.c     0x00000000   Number         0  fmc.o ABSOLUTE
    ..\..\..\Library\StdDriver\src\gpio.c    0x00000000   Number         0  gpio.o ABSOLUTE
    ..\..\..\Library\StdDriver\src\retarget.c 0x00000000   Number         0  retarget.o ABSOLUTE
    ..\..\..\Library\StdDriver\src\spi.c     0x00000000   Number         0  spi.o ABSOLUTE
    ..\..\..\Library\StdDriver\src\sys.c     0x00000000   Number         0  sys.o ABSOLUTE
    ..\..\..\Library\StdDriver\src\timer.c   0x00000000   Number         0  timer.o ABSOLUTE
    ..\..\..\Library\StdDriver\src\uart.c    0x00000000   Number         0  uart.o ABSOLUTE
    ..\DataFlashProg.c                       0x00000000   Number         0  dataflashprog.o ABSOLUTE
    ..\\..\\..\\Library\\Device\\Nuvoton\\NUC029xEE\\Source\\system_NUC029xEE.c 0x00000000   Number         0  system_nuc029xee.o ABSOLUTE
    ..\\..\\..\\Library\\StdDriver\\src\\clk.c 0x00000000   Number         0  clk.o ABSOLUTE
    ..\\..\\..\\Library\\StdDriver\\src\\fmc.c 0x00000000   Number         0  fmc.o ABSOLUTE
    ..\\..\\..\\Library\\StdDriver\\src\\gpio.c 0x00000000   Number         0  gpio.o ABSOLUTE
    ..\\..\\..\\Library\\StdDriver\\src\\retarget.c 0x00000000   Number         0  retarget.o ABSOLUTE
    ..\\..\\..\\Library\\StdDriver\\src\\spi.c 0x00000000   Number         0  spi.o ABSOLUTE
    ..\\..\\..\\Library\\StdDriver\\src\\sys.c 0x00000000   Number         0  sys.o ABSOLUTE
    ..\\..\\..\\Library\\StdDriver\\src\\timer.c 0x00000000   Number         0  timer.o ABSOLUTE
    ..\\..\\..\\Library\\StdDriver\\src\\uart.c 0x00000000   Number         0  uart.o ABSOLUTE
    ..\\DataFlashProg.c                      0x00000000   Number         0  dataflashprog.o ABSOLUTE
    ..\\main.c                               0x00000000   Number         0  main.o ABSOLUTE
    ..\main.c                                0x00000000   Number         0  main.o ABSOLUTE
    ..\misc_config.c                         0x00000000   Number         0  misc_config.o ABSOLUTE
    cdrcmple.s                               0x00000000   Number         0  cdrcmple.o ABSOLUTE
    handlers.s                               0x00000000   Number         0  handlers.o ABSOLUTE
    init.s                                   0x00000000   Number         0  init.o ABSOLUTE
    .ARM.Collect$$$$00000000                 0x000000c0   Section        0  entry.o(.ARM.Collect$$$$00000000)
    .ARM.Collect$$$$00000001                 0x000000c0   Section        4  entry2.o(.ARM.Collect$$$$00000001)
    .ARM.Collect$$$$00000004                 0x000000c4   Section        4  entry5.o(.ARM.Collect$$$$00000004)
    .ARM.Collect$$$$00000008                 0x000000c8   Section        0  entry7b.o(.ARM.Collect$$$$00000008)
    .ARM.Collect$$$$0000000A                 0x000000c8   Section        0  entry8b.o(.ARM.Collect$$$$0000000A)
    .ARM.Collect$$$$0000000B                 0x000000c8   Section        8  entry9a.o(.ARM.Collect$$$$0000000B)
    .ARM.Collect$$$$0000000D                 0x000000d0   Section        0  entry10a.o(.ARM.Collect$$$$0000000D)
    .ARM.Collect$$$$0000000F                 0x000000d0   Section        0  entry11a.o(.ARM.Collect$$$$0000000F)
    .ARM.Collect$$$$00002712                 0x000000d0   Section        4  entry2.o(.ARM.Collect$$$$00002712)
    __lit__00000000                          0x000000d0   Data           4  entry2.o(.ARM.Collect$$$$00002712)
    .emb_text                                0x000000d4   Section       28  retarget.o(.emb_text)
    .text                                    0x000000f0   Section       76  startup_nuc029xee.o(.text)
    Default_Handler                          0x0000011b   Thumb Code     2  startup_nuc029xee.o(.text)
    .text                                    0x0000013c   Section        0  uidiv.o(.text)
    .text                                    0x00000168   Section        0  memcpya.o(.text)
    .text                                    0x0000018c   Section        0  uldiv.o(.text)
    .text                                    0x000001ec   Section       36  init.o(.text)
    .text                                    0x00000210   Section        0  llshl.o(.text)
    .text                                    0x00000230   Section        0  llushr.o(.text)
    i.CLK_EnableModuleClock                  0x00000254   Section        0  clk.o(i.CLK_EnableModuleClock)
    i.CLK_EnablePLL                          0x00000284   Section        0  clk.o(i.CLK_EnablePLL)
    i.CLK_EnableXtalRC                       0x0000041c   Section        0  clk.o(i.CLK_EnableXtalRC)
    i.CLK_GetCPUFreq                         0x0000042c   Section        0  clk.o(i.CLK_GetCPUFreq)
    i.CLK_GetHCLKFreq                        0x0000043c   Section        0  clk.o(i.CLK_GetHCLKFreq)
    i.CLK_GetHXTFreq                         0x0000044c   Section        0  clk.o(i.CLK_GetHXTFreq)
    i.CLK_GetLXTFreq                         0x00000460   Section        0  clk.o(i.CLK_GetLXTFreq)
    i.CLK_GetPCLKFreq                        0x00000478   Section        0  clk.o(i.CLK_GetPCLKFreq)
    i.CLK_GetPLLClockFreq                    0x00000488   Section        0  uart.o(i.CLK_GetPLLClockFreq)
    CLK_GetPLLClockFreq                      0x00000489   Thumb Code    70  uart.o(i.CLK_GetPLLClockFreq)
    i.CLK_GetPLLClockFreq                    0x000004e0   Section        0  spi.o(i.CLK_GetPLLClockFreq)
    CLK_GetPLLClockFreq                      0x000004e1   Thumb Code    70  spi.o(i.CLK_GetPLLClockFreq)
    i.CLK_SetCoreClock                       0x00000538   Section        0  clk.o(i.CLK_SetCoreClock)
    i.CLK_SetHCLK                            0x00000608   Section        0  clk.o(i.CLK_SetHCLK)
    i.CLK_SetModuleClock                     0x00000650   Section        0  clk.o(i.CLK_SetModuleClock)
    i.CLK_WaitClockReady                     0x0000070c   Section        0  clk.o(i.CLK_WaitClockReady)
    i.Check_SPI_Mode_Record                  0x00000738   Section        0  main.o(i.Check_SPI_Mode_Record)
    i.DataFlashInit                          0x00000864   Section        0  dataflashprog.o(i.DataFlashInit)
    i.DataFlashProgramPage                   0x00000998   Section        0  dataflashprog.o(i.DataFlashProgramPage)
    i.DataFlashRead                          0x000009c8   Section        0  dataflashprog.o(i.DataFlashRead)
    i.DataFlashReadPage                      0x00000a2c   Section        0  dataflashprog.o(i.DataFlashReadPage)
    i.DataFlashWrite                         0x00000a4c   Section        0  dataflashprog.o(i.DataFlashWrite)
    i.FMC_Close                              0x00000b40   Section        0  fmc.o(i.FMC_Close)
    i.FMC_Erase                              0x00000b50   Section        0  dataflashprog.o(i.FMC_Erase)
    FMC_Erase                                0x00000b51   Thumb Code    46  dataflashprog.o(i.FMC_Erase)
    i.FMC_Open                               0x00000b84   Section        0  fmc.o(i.FMC_Open)
    i.FMC_Read                               0x00000b94   Section        0  dataflashprog.o(i.FMC_Read)
    FMC_Read                                 0x00000b95   Thumb Code    26  dataflashprog.o(i.FMC_Read)
    i.FMC_Read                               0x00000bb4   Section        0  fmc.o(i.FMC_Read)
    FMC_Read                                 0x00000bb5   Thumb Code    26  fmc.o(i.FMC_Read)
    i.FMC_ReadConfig                         0x00000bd4   Section        0  fmc.o(i.FMC_ReadConfig)
    i.FMC_ReadDataFlashBaseAddr              0x00000bf8   Section        0  fmc.o(i.FMC_ReadDataFlashBaseAddr)
    i.FMC_WriteConfig                        0x00000c04   Section        0  fmc.o(i.FMC_WriteConfig)
    i.GPIO_Init                              0x00000c50   Section        0  main.o(i.GPIO_Init)
    i.GPIO_SetMode                           0x00000c74   Section        0  gpio.o(i.GPIO_SetMode)
    i.Hard_Fault_Handler                     0x00000c9c   Section        0  retarget.o(i.Hard_Fault_Handler)
    __tagsym$$used                           0x00000c9d   Number         0  retarget.o(i.Hard_Fault_Handler)
    i.IsDebugFifoEmpty                       0x00000cc4   Section        0  retarget.o(i.IsDebugFifoEmpty)
    i.SPI_DisableAutoSS                      0x00000cd4   Section        0  spi.o(i.SPI_DisableAutoSS)
    i.SPI_Init                               0x00000ce0   Section        0  main.o(i.SPI_Init)
    i.SPI_Open                               0x00000db4   Section        0  spi.o(i.SPI_Open)
    i.SPI_Write_Packet                       0x00000ed8   Section        0  main.o(i.SPI_Write_Packet)
    i.SYS_ClearResetSrc                      0x00000f40   Section        0  sys.o(i.SYS_ClearResetSrc)
    i.SYS_GetResetSrc                        0x00000f4c   Section        0  sys.o(i.SYS_GetResetSrc)
    i.SYS_Init                               0x00000f54   Section        0  main.o(i.SYS_Init)
    i.SYS_ResetChip                          0x00000ffc   Section        0  sys.o(i.SYS_ResetChip)
    i.SYS_ResetModule                        0x0000100a   Section        0  sys.o(i.SYS_ResetModule)
    i.SYS_UnlockReg                          0x00001024   Section        0  main.o(i.SYS_UnlockReg)
    SYS_UnlockReg                            0x00001025   Thumb Code    26  main.o(i.SYS_UnlockReg)
    i.SYS_UnlockReg                          0x00001044   Section        0  dataflashprog.o(i.SYS_UnlockReg)
    SYS_UnlockReg                            0x00001045   Thumb Code    26  dataflashprog.o(i.SYS_UnlockReg)
    i.SendChar_ToUART                        0x00001064   Section        0  retarget.o(i.SendChar_ToUART)
    i.SwitchToFunctionPin                    0x00001084   Section        0  main.o(i.SwitchToFunctionPin)
    i.SysTick_Handler                        0x000010dc   Section        0  main.o(i.SysTick_Handler)
    i.SysTick_enable                         0x000010f4   Section        0  main.o(i.SysTick_enable)
    i.SystemCoreClockUpdate                  0x00001170   Section        0  system_nuc029xee.o(i.SystemCoreClockUpdate)
    i.SystemInit                             0x00001200   Section        0  system_nuc029xee.o(i.SystemInit)
    i.TIMER1_Init                            0x00001204   Section        0  main.o(i.TIMER1_Init)
    i.TIMER_GetModuleClock                   0x00001238   Section        0  timer.o(i.TIMER_GetModuleClock)
    i.TIMER_Open                             0x000012a0   Section        0  timer.o(i.TIMER_Open)
    i.TMR1_IRQHandler                        0x000012e0   Section        0  main.o(i.TMR1_IRQHandler)
    i.UART02_IRQHandler                      0x00001330   Section        0  main.o(i.UART02_IRQHandler)
    i.UART0_Init                             0x00001350   Section        0  main.o(i.UART0_Init)
    i.UART_EnableInt                         0x0000143c   Section        0  uart.o(i.UART_EnableInt)
    i.UART_Open                              0x0000146c   Section        0  uart.o(i.UART_Open)
    i.UARTx_Process                          0x000014f4   Section        0  main.o(i.UARTx_Process)
    i.Write_SPI_Mode_Record                  0x00001588   Section        0  main.o(i.Write_SPI_Mode_Record)
    i.__0printf$8                            0x00001688   Section        0  printf8.o(i.__0printf$8)
    i.__scatterload_copy                     0x000016a8   Section       14  handlers.o(i.__scatterload_copy)
    i.__scatterload_null                     0x000016b6   Section        2  handlers.o(i.__scatterload_null)
    i.__scatterload_zeroinit                 0x000016b8   Section       14  handlers.o(i.__scatterload_zeroinit)
    i._printf_core                           0x000016c8   Section        0  printf8.o(i._printf_core)
    _printf_core                             0x000016c9   Thumb Code  1020  printf8.o(i._printf_core)
    i._printf_post_padding                   0x00001af0   Section        0  printf8.o(i._printf_post_padding)
    _printf_post_padding                     0x00001af1   Thumb Code    32  printf8.o(i._printf_post_padding)
    i._printf_pre_padding                    0x00001b10   Section        0  printf8.o(i._printf_pre_padding)
    _printf_pre_padding                      0x00001b11   Thumb Code    44  printf8.o(i._printf_pre_padding)
    i.check_reset_source                     0x00001b3c   Section        0  main.o(i.check_reset_source)
    i.fputc                                  0x00001de0   Section        0  retarget.o(i.fputc)
    i.loop                                   0x00001dec   Section        0  main.o(i.loop)
    i.main                                   0x00001e74   Section        0  main.o(i.main)
    i.stackDump                              0x00001ea4   Section        0  retarget.o(i.stackDump)
    stackDump                                0x00001ea5   Thumb Code    70  retarget.o(i.stackDump)
    i.systick_counter                        0x00001f4c   Section        0  main.o(i.systick_counter)
    i.tick_counter                           0x00001f5c   Section        0  main.o(i.tick_counter)
    .constdata                               0x00001f7c   Section       53  main.o(.constdata)
    __FUNCTION__                             0x00001f7c   Data          22  main.o(.constdata)
    __FUNCTION__                             0x00001f92   Data          22  main.o(.constdata)
    __FUNCTION__                             0x00001fa8   Data           9  main.o(.constdata)
    .constdata                               0x00001fb1   Section       14  dataflashprog.o(.constdata)
    __FUNCTION__                             0x00001fb1   Data          14  dataflashprog.o(.constdata)
    .constdata                               0x00001fc0   Section       48  uart.o(.constdata)
    .constdata                               0x00001ff0   Section       56  clk.o(.constdata)
    .constdata                               0x00002028   Section       32  timer.o(.constdata)
    .data                                    0x20000000   Section       44  system_nuc029xee.o(.data)
    .data                                    0x2000002c   Section       28  main.o(.data)
    cnt                                      0x2000002c   Data           1  main.o(.data)
    .data                                    0x20000048   Section        4  retarget.o(.data)
    .bss                                     0x2000004c   Section      512  dataflashprog.o(.bss)
    STACK                                    0x20000250   Section     1024  startup_nuc029xee.o(STACK)

    Global Symbols

    Symbol Name                              Value     Ov Type        Size  Object(Section)

    BuildAttributes$$THM_ISAv3M$S$PE$A:L22$X:L11$S22$IEEE1$IW$USESV6$~STKCKD$USESV7$~SHL$OSPACE$ROPI$EBA8$MICROLIB$REQ8$PRES8$EABIv2 0x00000000   Number         0  anon$$obj.o ABSOLUTE
    __ARM_use_no_argv                        0x00000000   Number         0  main.o ABSOLUTE
    __Vectors                                0x00000000   Data           4  startup_nuc029xee.o(RESET)
    _printf_a                                0x00000000   Number         0  stubs.o ABSOLUTE
    _printf_c                                0x00000000   Number         0  stubs.o ABSOLUTE
    _printf_charcount                        0x00000000   Number         0  stubs.o ABSOLUTE
    _printf_d                                0x00000000   Number         0  stubs.o ABSOLUTE
    _printf_e                                0x00000000   Number         0  stubs.o ABSOLUTE
    _printf_f                                0x00000000   Number         0  stubs.o ABSOLUTE
    _printf_flags                            0x00000000   Number         0  stubs.o ABSOLUTE
    _printf_fp_dec                           0x00000000   Number         0  stubs.o ABSOLUTE
    _printf_fp_hex                           0x00000000   Number         0  stubs.o ABSOLUTE
    _printf_g                                0x00000000   Number         0  stubs.o ABSOLUTE
    _printf_i                                0x00000000   Number         0  stubs.o ABSOLUTE
    _printf_int_dec                          0x00000000   Number         0  stubs.o ABSOLUTE
    _printf_l                                0x00000000   Number         0  stubs.o ABSOLUTE
    _printf_lc                               0x00000000   Number         0  stubs.o ABSOLUTE
    _printf_ll                               0x00000000   Number         0  stubs.o ABSOLUTE
    _printf_lld                              0x00000000   Number         0  stubs.o ABSOLUTE
    _printf_lli                              0x00000000   Number         0  stubs.o ABSOLUTE
    _printf_llo                              0x00000000   Number         0  stubs.o ABSOLUTE
    _printf_llu                              0x00000000   Number         0  stubs.o ABSOLUTE
    _printf_llx                              0x00000000   Number         0  stubs.o ABSOLUTE
    _printf_longlong_dec                     0x00000000   Number         0  stubs.o ABSOLUTE
    _printf_longlong_hex                     0x00000000   Number         0  stubs.o ABSOLUTE
    _printf_longlong_oct                     0x00000000   Number         0  stubs.o ABSOLUTE
    _printf_ls                               0x00000000   Number         0  stubs.o ABSOLUTE
    _printf_mbtowc                           0x00000000   Number         0  stubs.o ABSOLUTE
    _printf_n                                0x00000000   Number         0  stubs.o ABSOLUTE
    _printf_o                                0x00000000   Number         0  stubs.o ABSOLUTE
    _printf_p                                0x00000000   Number         0  stubs.o ABSOLUTE
    _printf_percent                          0x00000000   Number         0  stubs.o ABSOLUTE
    _printf_pre_padding                      0x00000000   Number         0  stubs.o ABSOLUTE
    _printf_return_value                     0x00000000   Number         0  stubs.o ABSOLUTE
    _printf_s                                0x00000000   Number         0  stubs.o ABSOLUTE
    _printf_sizespec                         0x00000000   Number         0  stubs.o ABSOLUTE
    _printf_str                              0x00000000   Number         0  stubs.o ABSOLUTE
    _printf_truncate_signed                  0x00000000   Number         0  stubs.o ABSOLUTE
    _printf_truncate_unsigned                0x00000000   Number         0  stubs.o ABSOLUTE
    _printf_u                                0x00000000   Number         0  stubs.o ABSOLUTE
    _printf_wc                               0x00000000   Number         0  stubs.o ABSOLUTE
    _printf_wctomb                           0x00000000   Number         0  stubs.o ABSOLUTE
    _printf_widthprec                        0x00000000   Number         0  stubs.o ABSOLUTE
    _printf_x                                0x00000000   Number         0  stubs.o ABSOLUTE
    __cpp_initialize__aeabi_                  - Undefined Weak Reference
    __cxa_finalize                            - Undefined Weak Reference
    __decompress                              - Undefined Weak Reference
    _clock_init                               - Undefined Weak Reference
    _microlib_exit                            - Undefined Weak Reference
    __main                                   0x000000c1   Thumb Code     0  entry.o(.ARM.Collect$$$$00000000)
    _main_stk                                0x000000c1   Thumb Code     0  entry2.o(.ARM.Collect$$$$00000001)
    _main_scatterload                        0x000000c5   Thumb Code     0  entry5.o(.ARM.Collect$$$$00000004)
    __main_after_scatterload                 0x000000c9   Thumb Code     0  entry5.o(.ARM.Collect$$$$00000004)
    _main_clock                              0x000000c9   Thumb Code     0  entry7b.o(.ARM.Collect$$$$00000008)
    _main_cpp_init                           0x000000c9   Thumb Code     0  entry8b.o(.ARM.Collect$$$$0000000A)
    _main_init                               0x000000c9   Thumb Code     0  entry9a.o(.ARM.Collect$$$$0000000B)
    __rt_final_cpp                           0x000000d1   Thumb Code     0  entry10a.o(.ARM.Collect$$$$0000000D)
    __rt_final_exit                          0x000000d1   Thumb Code     0  entry11a.o(.ARM.Collect$$$$0000000F)
    HardFault_Handler                        0x000000d5   Thumb Code    24  retarget.o(.emb_text)
    Reset_Handler                            0x000000f1   Thumb Code    32  startup_nuc029xee.o(.text)
    NMI_Handler                              0x00000111   Thumb Code     2  startup_nuc029xee.o(.text)
    SVC_Handler                              0x00000115   Thumb Code     2  startup_nuc029xee.o(.text)
    PendSV_Handler                           0x00000117   Thumb Code     2  startup_nuc029xee.o(.text)
    ADC_IRQHandler                           0x0000011b   Thumb Code     0  startup_nuc029xee.o(.text)
    BOD_IRQHandler                           0x0000011b   Thumb Code     0  startup_nuc029xee.o(.text)
    EINT0_IRQHandler                         0x0000011b   Thumb Code     0  startup_nuc029xee.o(.text)
    EINT1_IRQHandler                         0x0000011b   Thumb Code     0  startup_nuc029xee.o(.text)
    GPAB_IRQHandler                          0x0000011b   Thumb Code     0  startup_nuc029xee.o(.text)
    GPCDEF_IRQHandler                        0x0000011b   Thumb Code     0  startup_nuc029xee.o(.text)
    I2C0_IRQHandler                          0x0000011b   Thumb Code     0  startup_nuc029xee.o(.text)
    I2C1_IRQHandler                          0x0000011b   Thumb Code     0  startup_nuc029xee.o(.text)
    PDMA_IRQHandler                          0x0000011b   Thumb Code     0  startup_nuc029xee.o(.text)
    PWMA_IRQHandler                          0x0000011b   Thumb Code     0  startup_nuc029xee.o(.text)
    PWMB_IRQHandler                          0x0000011b   Thumb Code     0  startup_nuc029xee.o(.text)
    PWRWU_IRQHandler                         0x0000011b   Thumb Code     0  startup_nuc029xee.o(.text)
    RTC_IRQHandler                           0x0000011b   Thumb Code     0  startup_nuc029xee.o(.text)
    SPI0_IRQHandler                          0x0000011b   Thumb Code     0  startup_nuc029xee.o(.text)
    SPI1_IRQHandler                          0x0000011b   Thumb Code     0  startup_nuc029xee.o(.text)
    TMR0_IRQHandler                          0x0000011b   Thumb Code     0  startup_nuc029xee.o(.text)
    TMR2_IRQHandler                          0x0000011b   Thumb Code     0  startup_nuc029xee.o(.text)
    TMR3_IRQHandler                          0x0000011b   Thumb Code     0  startup_nuc029xee.o(.text)
    UART1_IRQHandler                         0x0000011b   Thumb Code     0  startup_nuc029xee.o(.text)
    USBD_IRQHandler                          0x0000011b   Thumb Code     0  startup_nuc029xee.o(.text)
    WDT_IRQHandler                           0x0000011b   Thumb Code     0  startup_nuc029xee.o(.text)
    __aeabi_uidiv                            0x0000013d   Thumb Code     0  uidiv.o(.text)
    __aeabi_uidivmod                         0x0000013d   Thumb Code    44  uidiv.o(.text)
    __aeabi_memcpy                           0x00000169   Thumb Code    36  memcpya.o(.text)
    __aeabi_memcpy4                          0x00000169   Thumb Code     0  memcpya.o(.text)
    __aeabi_memcpy8                          0x00000169   Thumb Code     0  memcpya.o(.text)
    __aeabi_uldivmod                         0x0000018d   Thumb Code    96  uldiv.o(.text)
    __scatterload                            0x000001ed   Thumb Code    28  init.o(.text)
    __scatterload_rt2                        0x000001ed   Thumb Code     0  init.o(.text)
    __aeabi_llsl                             0x00000211   Thumb Code    32  llshl.o(.text)
    _ll_shift_l                              0x00000211   Thumb Code     0  llshl.o(.text)
    __aeabi_llsr                             0x00000231   Thumb Code    34  llushr.o(.text)
    _ll_ushift_r                             0x00000231   Thumb Code     0  llushr.o(.text)
    CLK_EnableModuleClock                    0x00000255   Thumb Code    40  clk.o(i.CLK_EnableModuleClock)
    CLK_EnablePLL                            0x00000285   Thumb Code   348  clk.o(i.CLK_EnablePLL)
    CLK_EnableXtalRC                         0x0000041d   Thumb Code    10  clk.o(i.CLK_EnableXtalRC)
    CLK_GetCPUFreq                           0x0000042d   Thumb Code    12  clk.o(i.CLK_GetCPUFreq)
    CLK_GetHCLKFreq                          0x0000043d   Thumb Code    12  clk.o(i.CLK_GetHCLKFreq)
    CLK_GetHXTFreq                           0x0000044d   Thumb Code    12  clk.o(i.CLK_GetHXTFreq)
    CLK_GetLXTFreq                           0x00000461   Thumb Code    18  clk.o(i.CLK_GetLXTFreq)
    CLK_GetPCLKFreq                          0x00000479   Thumb Code    12  clk.o(i.CLK_GetPCLKFreq)
    CLK_SetCoreClock                         0x00000539   Thumb Code   186  clk.o(i.CLK_SetCoreClock)
    CLK_SetHCLK                              0x00000609   Thumb Code    66  clk.o(i.CLK_SetHCLK)
    CLK_SetModuleClock                       0x00000651   Thumb Code   166  clk.o(i.CLK_SetModuleClock)
    CLK_WaitClockReady                       0x0000070d   Thumb Code    34  clk.o(i.CLK_WaitClockReady)
    Check_SPI_Mode_Record                    0x00000739   Thumb Code   130  main.o(i.Check_SPI_Mode_Record)
    DataFlashInit                            0x00000865   Thumb Code   178  dataflashprog.o(i.DataFlashInit)
    DataFlashProgramPage                     0x00000999   Thumb Code    44  dataflashprog.o(i.DataFlashProgramPage)
    DataFlashRead                            0x000009c9   Thumb Code    90  dataflashprog.o(i.DataFlashRead)
    DataFlashReadPage                        0x00000a2d   Thumb Code    30  dataflashprog.o(i.DataFlashReadPage)
    DataFlashWrite                           0x00000a4d   Thumb Code   230  dataflashprog.o(i.DataFlashWrite)
    FMC_Close                                0x00000b41   Thumb Code    12  fmc.o(i.FMC_Close)
    FMC_Open                                 0x00000b85   Thumb Code    12  fmc.o(i.FMC_Open)
    FMC_ReadConfig                           0x00000bd5   Thumb Code    34  fmc.o(i.FMC_ReadConfig)
    FMC_ReadDataFlashBaseAddr                0x00000bf9   Thumb Code     6  fmc.o(i.FMC_ReadDataFlashBaseAddr)
    FMC_WriteConfig                          0x00000c05   Thumb Code    72  fmc.o(i.FMC_WriteConfig)
    GPIO_Init                                0x00000c51   Thumb Code    30  main.o(i.GPIO_Init)
    GPIO_SetMode                             0x00000c75   Thumb Code    40  gpio.o(i.GPIO_SetMode)
    Hard_Fault_Handler                       0x00000c9d   Thumb Code    16  retarget.o(i.Hard_Fault_Handler)
    IsDebugFifoEmpty                         0x00000cc5   Thumb Code    10  retarget.o(i.IsDebugFifoEmpty)
    SPI_DisableAutoSS                        0x00000cd5   Thumb Code    10  spi.o(i.SPI_DisableAutoSS)
    SPI_Init                                 0x00000ce1   Thumb Code    78  main.o(i.SPI_Init)
    SPI_Open                                 0x00000db5   Thumb Code   284  spi.o(i.SPI_Open)
    SPI_Write_Packet                         0x00000ed9   Thumb Code    92  main.o(i.SPI_Write_Packet)
    SYS_ClearResetSrc                        0x00000f41   Thumb Code    12  sys.o(i.SYS_ClearResetSrc)
    SYS_GetResetSrc                          0x00000f4d   Thumb Code     8  sys.o(i.SYS_GetResetSrc)
    SYS_Init                                 0x00000f55   Thumb Code   148  main.o(i.SYS_Init)
    SYS_ResetChip                            0x00000ffd   Thumb Code    14  sys.o(i.SYS_ResetChip)
    SYS_ResetModule                          0x0000100b   Thumb Code    26  sys.o(i.SYS_ResetModule)
    SendChar_ToUART                          0x00001065   Thumb Code    26  retarget.o(i.SendChar_ToUART)
    SwitchToFunctionPin                      0x00001085   Thumb Code    76  main.o(i.SwitchToFunctionPin)
    SysTick_Handler                          0x000010dd   Thumb Code    18  main.o(i.SysTick_Handler)
    SysTick_enable                           0x000010f5   Thumb Code    76  main.o(i.SysTick_enable)
    SystemCoreClockUpdate                    0x00001171   Thumb Code   118  system_nuc029xee.o(i.SystemCoreClockUpdate)
    SystemInit                               0x00001201   Thumb Code     2  system_nuc029xee.o(i.SystemInit)
    TIMER1_Init                              0x00001205   Thumb Code    42  main.o(i.TIMER1_Init)
    TIMER_GetModuleClock                     0x00001239   Thumb Code    82  timer.o(i.TIMER_GetModuleClock)
    TIMER_Open                               0x000012a1   Thumb Code    64  timer.o(i.TIMER_Open)
    TMR1_IRQHandler                          0x000012e1   Thumb Code    72  main.o(i.TMR1_IRQHandler)
    UART02_IRQHandler                        0x00001331   Thumb Code    28  main.o(i.UART02_IRQHandler)
    UART0_Init                               0x00001351   Thumb Code    98  main.o(i.UART0_Init)
    UART_EnableInt                           0x0000143d   Thumb Code    36  uart.o(i.UART_EnableInt)
    UART_Open                                0x0000146d   Thumb Code   120  uart.o(i.UART_Open)
    UARTx_Process                            0x000014f5   Thumb Code   102  main.o(i.UARTx_Process)
    Write_SPI_Mode_Record                    0x00001589   Thumb Code   118  main.o(i.Write_SPI_Mode_Record)
    __0printf$8                              0x00001689   Thumb Code    24  printf8.o(i.__0printf$8)
    __1printf$8                              0x00001689   Thumb Code     0  printf8.o(i.__0printf$8)
    __2printf                                0x00001689   Thumb Code     0  printf8.o(i.__0printf$8)
    __scatterload_copy                       0x000016a9   Thumb Code    14  handlers.o(i.__scatterload_copy)
    __scatterload_null                       0x000016b7   Thumb Code     2  handlers.o(i.__scatterload_null)
    __scatterload_zeroinit                   0x000016b9   Thumb Code    14  handlers.o(i.__scatterload_zeroinit)
    check_reset_source                       0x00001b3d   Thumb Code   216  main.o(i.check_reset_source)
    fputc                                    0x00001de1   Thumb Code    12  retarget.o(i.fputc)
    loop                                     0x00001ded   Thumb Code   124  main.o(i.loop)
    main                                     0x00001e75   Thumb Code    46  main.o(i.main)
    systick_counter                          0x00001f4d   Thumb Code    10  main.o(i.systick_counter)
    tick_counter                             0x00001f5d   Thumb Code    22  main.o(i.tick_counter)
    Region$$Table$$Base                      0x00002048   Number         0  anon$$obj.o(Region$$Table)
    Region$$Table$$Limit                     0x00002068   Number         0  anon$$obj.o(Region$$Table)
    SystemCoreClock                          0x20000000   Data           4  system_nuc029xee.o(.data)
    CyclesPerUs                              0x20000004   Data           4  system_nuc029xee.o(.data)
    PllClock                                 0x20000008   Data           4  system_nuc029xee.o(.data)
    gau32ClkSrcTbl                           0x2000000c   Data          32  system_nuc029xee.o(.data)
    counter_systick                          0x20000030   Data           4  main.o(.data)
    counter_tick                             0x20000034   Data           4  main.o(.data)
    Storage_Block                            0x20000038   Data           4  main.o(.data)
    u32SPIMode                               0x2000003c   Data           4  main.o(.data)
    record_idx                               0x20000040   Data           4  main.o(.data)
    flag_PROJ_CTL                            0x20000044   Data           4  main.o(.data)
    __stdout                                 0x20000048   Data           4  retarget.o(.data)
    g_sectorBuf                              0x2000004c   Data         512  dataflashprog.o(.bss)
    __initial_sp                             0x20000650   Data           0  startup_nuc029xee.o(STACK)



==============================================================================

Memory Map of the image

  Image Entry point : 0x000000f1

  Load Region LR_1 (Base: 0x00000000, Size: 0x000020b4, Max: 0xffffffff, ABSOLUTE)

    Execution Region ER_RO (Exec base: 0x00000000, Load base: 0x00000000, Size: 0x00002068, Max: 0xffffffff, ABSOLUTE)

    Exec Addr    Load Addr    Size         Type   Attr      Idx    E Section Name        Object

    0x00000000   0x00000000   0x000000c0   Data   RO            3    RESET               startup_nuc029xee.o
    0x000000c0   0x000000c0   0x00000000   Code   RO         1290  * .ARM.Collect$$$$00000000  mc_p.l(entry.o)
    0x000000c0   0x000000c0   0x00000004   Code   RO         1558    .ARM.Collect$$$$00000001  mc_p.l(entry2.o)
    0x000000c4   0x000000c4   0x00000004   Code   RO         1561    .ARM.Collect$$$$00000004  mc_p.l(entry5.o)
    0x000000c8   0x000000c8   0x00000000   Code   RO         1563    .ARM.Collect$$$$00000008  mc_p.l(entry7b.o)
    0x000000c8   0x000000c8   0x00000000   Code   RO         1565    .ARM.Collect$$$$0000000A  mc_p.l(entry8b.o)
    0x000000c8   0x000000c8   0x00000008   Code   RO         1566    .ARM.Collect$$$$0000000B  mc_p.l(entry9a.o)
    0x000000d0   0x000000d0   0x00000000   Code   RO         1568    .ARM.Collect$$$$0000000D  mc_p.l(entry10a.o)
    0x000000d0   0x000000d0   0x00000000   Code   RO         1570    .ARM.Collect$$$$0000000F  mc_p.l(entry11a.o)
    0x000000d0   0x000000d0   0x00000004   Code   RO         1559    .ARM.Collect$$$$00002712  mc_p.l(entry2.o)
    0x000000d4   0x000000d4   0x0000001c   Code   RO          559    .emb_text           retarget.o
    0x000000f0   0x000000f0   0x0000004c   Code   RO            4  * .text               startup_nuc029xee.o
    0x0000013c   0x0000013c   0x0000002c   Code   RO         1291    .text               mc_p.l(uidiv.o)
    0x00000168   0x00000168   0x00000024   Code   RO         1293    .text               mc_p.l(memcpya.o)
    0x0000018c   0x0000018c   0x00000060   Code   RO         1572    .text               mc_p.l(uldiv.o)
    0x000001ec   0x000001ec   0x00000024   Code   RO         1585    .text               mc_p.l(init.o)
    0x00000210   0x00000210   0x00000020   Code   RO         1587    .text               mc_p.l(llshl.o)
    0x00000230   0x00000230   0x00000022   Code   RO         1589    .text               mc_p.l(llushr.o)
    0x00000252   0x00000252   0x00000002   PAD
    0x00000254   0x00000254   0x00000030   Code   RO          847    i.CLK_EnableModuleClock  clk.o
    0x00000284   0x00000284   0x00000198   Code   RO          848    i.CLK_EnablePLL     clk.o
    0x0000041c   0x0000041c   0x00000010   Code   RO          850    i.CLK_EnableXtalRC  clk.o
    0x0000042c   0x0000042c   0x00000010   Code   RO          851    i.CLK_GetCPUFreq    clk.o
    0x0000043c   0x0000043c   0x00000010   Code   RO          852    i.CLK_GetHCLKFreq   clk.o
    0x0000044c   0x0000044c   0x00000014   Code   RO          853    i.CLK_GetHXTFreq    clk.o
    0x00000460   0x00000460   0x00000018   Code   RO          854    i.CLK_GetLXTFreq    clk.o
    0x00000478   0x00000478   0x00000010   Code   RO          855    i.CLK_GetPCLKFreq   clk.o
    0x00000488   0x00000488   0x00000058   Code   RO          657    i.CLK_GetPLLClockFreq  uart.o
    0x000004e0   0x000004e0   0x00000058   Code   RO         1183    i.CLK_GetPLLClockFreq  spi.o
    0x00000538   0x00000538   0x000000d0   Code   RO          858    i.CLK_SetCoreClock  clk.o
    0x00000608   0x00000608   0x00000048   Code   RO          859    i.CLK_SetHCLK       clk.o
    0x00000650   0x00000650   0x000000bc   Code   RO          860    i.CLK_SetModuleClock  clk.o
    0x0000070c   0x0000070c   0x0000002c   Code   RO          862    i.CLK_WaitClockReady  clk.o
    0x00000738   0x00000738   0x0000012c   Code   RO          166    i.Check_SPI_Mode_Record  main.o
    0x00000864   0x00000864   0x00000134   Code   RO          481    i.DataFlashInit     dataflashprog.o
    0x00000998   0x00000998   0x00000030   Code   RO          482    i.DataFlashProgramPage  dataflashprog.o
    0x000009c8   0x000009c8   0x00000064   Code   RO          483    i.DataFlashRead     dataflashprog.o
    0x00000a2c   0x00000a2c   0x0000001e   Code   RO          484    i.DataFlashReadPage  dataflashprog.o
    0x00000a4a   0x00000a4a   0x00000002   PAD
    0x00000a4c   0x00000a4c   0x000000f4   Code   RO          485    i.DataFlashWrite    dataflashprog.o
    0x00000b40   0x00000b40   0x00000010   Code   RO         1083    i.FMC_Close         fmc.o
    0x00000b50   0x00000b50   0x00000034   Code   RO          486    i.FMC_Erase         dataflashprog.o
    0x00000b84   0x00000b84   0x00000010   Code   RO         1091    i.FMC_Open          fmc.o
    0x00000b94   0x00000b94   0x00000020   Code   RO          487    i.FMC_Read          dataflashprog.o
    0x00000bb4   0x00000bb4   0x00000020   Code   RO         1092    i.FMC_Read          fmc.o
    0x00000bd4   0x00000bd4   0x00000022   Code   RO         1093    i.FMC_ReadConfig    fmc.o
    0x00000bf6   0x00000bf6   0x00000002   PAD
    0x00000bf8   0x00000bf8   0x0000000c   Code   RO         1094    i.FMC_ReadDataFlashBaseAddr  fmc.o
    0x00000c04   0x00000c04   0x0000004c   Code   RO         1096    i.FMC_WriteConfig   fmc.o
    0x00000c50   0x00000c50   0x00000024   Code   RO          167    i.GPIO_Init         main.o
    0x00000c74   0x00000c74   0x00000028   Code   RO         1053    i.GPIO_SetMode      gpio.o
    0x00000c9c   0x00000c9c   0x00000028   Code   RO          561    i.Hard_Fault_Handler  retarget.o
    0x00000cc4   0x00000cc4   0x00000010   Code   RO          562    i.IsDebugFifoEmpty  retarget.o
    0x00000cd4   0x00000cd4   0x0000000a   Code   RO         1188    i.SPI_DisableAutoSS  spi.o
    0x00000cde   0x00000cde   0x00000002   PAD
    0x00000ce0   0x00000ce0   0x000000d4   Code   RO          168    i.SPI_Init          main.o
    0x00000db4   0x00000db4   0x00000124   Code   RO         1197    i.SPI_Open          spi.o
    0x00000ed8   0x00000ed8   0x00000068   Code   RO          169    i.SPI_Write_Packet  main.o
    0x00000f40   0x00000f40   0x0000000c   Code   RO          767    i.SYS_ClearResetSrc  sys.o
    0x00000f4c   0x00000f4c   0x00000008   Code   RO          771    i.SYS_GetResetSrc   sys.o
    0x00000f54   0x00000f54   0x000000a8   Code   RO          170    i.SYS_Init          main.o
    0x00000ffc   0x00000ffc   0x0000000e   Code   RO          775    i.SYS_ResetChip     sys.o
    0x0000100a   0x0000100a   0x0000001a   Code   RO          776    i.SYS_ResetModule   sys.o
    0x00001024   0x00001024   0x00000020   Code   RO          171    i.SYS_UnlockReg     main.o
    0x00001044   0x00001044   0x00000020   Code   RO          489    i.SYS_UnlockReg     dataflashprog.o
    0x00001064   0x00001064   0x00000020   Code   RO          564    i.SendChar_ToUART   retarget.o
    0x00001084   0x00001084   0x00000058   Code   RO          172    i.SwitchToFunctionPin  main.o
    0x000010dc   0x000010dc   0x00000018   Code   RO          173    i.SysTick_Handler   main.o
    0x000010f4   0x000010f4   0x0000007c   Code   RO          175    i.SysTick_enable    main.o
    0x00001170   0x00001170   0x00000090   Code   RO           12    i.SystemCoreClockUpdate  system_nuc029xee.o
    0x00001200   0x00001200   0x00000002   Code   RO           13    i.SystemInit        system_nuc029xee.o
    0x00001202   0x00001202   0x00000002   PAD
    0x00001204   0x00001204   0x00000034   Code   RO          176    i.TIMER1_Init       main.o
    0x00001238   0x00001238   0x00000068   Code   RO          994    i.TIMER_GetModuleClock  timer.o
    0x000012a0   0x000012a0   0x00000040   Code   RO          995    i.TIMER_Open        timer.o
    0x000012e0   0x000012e0   0x00000050   Code   RO          177    i.TMR1_IRQHandler   main.o
    0x00001330   0x00001330   0x00000020   Code   RO          178    i.UART02_IRQHandler  main.o
    0x00001350   0x00001350   0x000000ec   Code   RO          179    i.UART0_Init        main.o
    0x0000143c   0x0000143c   0x00000030   Code   RO          663    i.UART_EnableInt    uart.o
    0x0000146c   0x0000146c   0x00000088   Code   RO          664    i.UART_Open         uart.o
    0x000014f4   0x000014f4   0x00000094   Code   RO          180    i.UARTx_Process     main.o
    0x00001588   0x00001588   0x00000100   Code   RO          181    i.Write_SPI_Mode_Record  main.o
    0x00001688   0x00001688   0x00000020   Code   RO         1504    i.__0printf$8       mc_p.l(printf8.o)
    0x000016a8   0x000016a8   0x0000000e   Code   RO         1599    i.__scatterload_copy  mc_p.l(handlers.o)
    0x000016b6   0x000016b6   0x00000002   Code   RO         1600    i.__scatterload_null  mc_p.l(handlers.o)
    0x000016b8   0x000016b8   0x0000000e   Code   RO         1601    i.__scatterload_zeroinit  mc_p.l(handlers.o)
    0x000016c6   0x000016c6   0x00000002   PAD
    0x000016c8   0x000016c8   0x00000428   Code   RO         1511    i._printf_core      mc_p.l(printf8.o)
    0x00001af0   0x00001af0   0x00000020   Code   RO         1512    i._printf_post_padding  mc_p.l(printf8.o)
    0x00001b10   0x00001b10   0x0000002c   Code   RO         1513    i._printf_pre_padding  mc_p.l(printf8.o)
    0x00001b3c   0x00001b3c   0x000002a4   Code   RO          182    i.check_reset_source  main.o
    0x00001de0   0x00001de0   0x0000000c   Code   RO          568    i.fputc             retarget.o
    0x00001dec   0x00001dec   0x00000088   Code   RO          186    i.loop              main.o
    0x00001e74   0x00001e74   0x0000002e   Code   RO          187    i.main              main.o
    0x00001ea2   0x00001ea2   0x00000002   PAD
    0x00001ea4   0x00001ea4   0x000000a8   Code   RO          570    i.stackDump         retarget.o
    0x00001f4c   0x00001f4c   0x00000010   Code   RO          190    i.systick_counter   main.o
    0x00001f5c   0x00001f5c   0x00000020   Code   RO          191    i.tick_counter      main.o
    0x00001f7c   0x00001f7c   0x00000035   Data   RO          192    .constdata          main.o
    0x00001fb1   0x00001fb1   0x0000000e   Data   RO          491    .constdata          dataflashprog.o
    0x00001fbf   0x00001fbf   0x00000001   PAD
    0x00001fc0   0x00001fc0   0x00000030   Data   RO          672    .constdata          uart.o
    0x00001ff0   0x00001ff0   0x00000038   Data   RO          863    .constdata          clk.o
    0x00002028   0x00002028   0x00000020   Data   RO          996    .constdata          timer.o
    0x00002048   0x00002048   0x00000020   Data   RO         1597    Region$$Table       anon$$obj.o


    Execution Region ER_RW (Exec base: 0x20000000, Load base: 0x00002068, Size: 0x0000004c, Max: 0xffffffff, ABSOLUTE)

    Exec Addr    Load Addr    Size         Type   Attr      Idx    E Section Name        Object

    0x20000000   0x00002068   0x0000002c   Data   RW           14    .data               system_nuc029xee.o
    0x2000002c   0x00002094   0x0000001c   Data   RW          193    .data               main.o
    0x20000048   0x000020b0   0x00000004   Data   RW          571    .data               retarget.o


    Execution Region ER_ZI (Exec base: 0x2000004c, Load base: 0x000020b4, Size: 0x00000604, Max: 0xffffffff, ABSOLUTE)

    Exec Addr    Load Addr    Size         Type   Attr      Idx    E Section Name        Object

    0x2000004c        -       0x00000200   Zero   RW          490    .bss                dataflashprog.o
    0x2000024c   0x000020b4   0x00000004   PAD
    0x20000250        -       0x00000400   Zero   RW            1    STACK               startup_nuc029xee.o


==============================================================================

Image component sizes


      Code (inc. data)   RO Data    RW Data    ZI Data      Debug   Object Name

      1076        160         56          0          0       8877   clk.o
       846        176         14          0        512       8046   dataflashprog.o
       186         24          0          0          0       5698   fmc.o
        40          0          0          0          0       1027   gpio.o
      2798       1246         53         28          0      52474   main.o
       296        138          0          4          0      11941   retarget.o
       390         26          0          0          0       2891   spi.o
        76         32        192          0       1024        760   startup_nuc029xee.o
        60          0          0          0          0       1988   sys.o
       146         26          0         44          0      42623   system_nuc029xee.o
       168         22         32          0          0       1996   timer.o
       272         46         48          0          0       8505   uart.o

    ----------------------------------------------------------------------
      6364       1896        428         76       1540     146826   Object Totals
         0          0         32          0          0          0   (incl. Generated)
        10          0          1          0          4          0   (incl. Padding)

    ----------------------------------------------------------------------

      Code (inc. data)   RO Data    RW Data    ZI Data      Debug   Library Member Name

         0          0          0          0          0          0   entry.o
         0          0          0          0          0          0   entry10a.o
         0          0          0          0          0          0   entry11a.o
         8          4          0          0          0          0   entry2.o
         4          0          0          0          0          0   entry5.o
         0          0          0          0          0          0   entry7b.o
         0          0          0          0          0          0   entry8b.o
         8          4          0          0          0          0   entry9a.o
        30          0          0          0          0          0   handlers.o
        36          8          0          0          0         68   init.o
        32          0          0          0          0         68   llshl.o
        34          0          0          0          0         68   llushr.o
        36          0          0          0          0         60   memcpya.o
      1172         52          0          0          0        324   printf8.o
        44          0          0          0          0         72   uidiv.o
        96          0          0          0          0         84   uldiv.o

    ----------------------------------------------------------------------
      1504         68          0          0          0        744   Library Totals
         4          0          0          0          0          0   (incl. Padding)

    ----------------------------------------------------------------------

      Code (inc. data)   RO Data    RW Data    ZI Data      Debug   Library Name

      1500         68          0          0          0        744   mc_p.l

    ----------------------------------------------------------------------
      1504         68          0          0          0        744   Library Totals

    ----------------------------------------------------------------------

==============================================================================


      Code (inc. data)   RO Data    RW Data    ZI Data      Debug   

      7868       1964        428         76       1540     144678   Grand Totals
      7868       1964        428         76       1540     144678   ELF Image Totals
      7868       1964        428         76          0          0   ROM Totals

==============================================================================

    Total RO  Size (Code + RO Data)                 8296 (   8.10kB)
    Total RW  Size (RW Data + ZI Data)              1616 (   1.58kB)
    Total ROM Size (Code + RO Data + RW Data)       8372 (   8.18kB)

==============================================================================

